// Jest Snapshot v1, https://goo.gl/fbAQLP

exports[`CheckoutPage should render CheckoutPage component 1`] = `ShallowWrapper {}`;
