// Jest Snapshot v1, https://goo.gl/fbAQLP

exports[`CollectionPreview component should render CartItem component 1`] = `ShallowWrapper {}`;

exports[`CollectionPreview component should render CollectionPreview component 1`] = `ShallowWrapper {}`;
