// Jest Snapshot v1, https://goo.gl/fbAQLP

exports[`SignInAndSignUpPage should render SignInAndSignUpPage component 1`] = `ShallowWrapper {}`;
